0, 2816
